[36mvite v6.4.1 [32mbuilding for production...[36m[39m
transforming...
[32mΓ£ô[39m 102 modules transformed.
rendering chunks...
computing gzip size...
[2mdist/[22m[32mindex.html                 [39m[1m[2m  0.79 kB[22m[1m[22m[2m Γöé gzip:  0.44 kB[22m
[2mdist/[22m[35massets/index-DH_dRruJ.css  [39m[1m[2m  7.08 kB[22m[1m[22m[2m Γöé gzip:  1.98 kB[22m
[2mdist/[22m[36massets/index-s-FJbHGh.js   [39m[1m[2m187.86 kB[22m[1m[22m[2m Γöé gzip: 63.22 kB[22m
[32mΓ£ô built in 907ms[39m
